******************************************************************************
                  TI ARM Linker PC v20.2.7                     
******************************************************************************
>> Linked Thu Aug  8 18:53:34 2024

OUTPUT FILE NAME:   <NVIC_D.out>
ENTRY POINT SYMBOL: "_c_int00_noargs"  address: 000018d9


MEMORY CONFIGURATION

         name            origin    length      used     unused   attr    fill
----------------------  --------  ---------  --------  --------  ----  --------
  FLASH                 00000000   00040000  00001caa  0003e356  R  X
  SRAM                  20000000   00008000  000005c0  00007a40  RW X


SEGMENT ALLOCATION MAP

run origin  load origin   length   init length attrs members
----------  ----------- ---------- ----------- ----- -------
00000000    00000000    00001cb0   00001cb0    r-x
  00000000    00000000    0000026c   0000026c    r-- .intvecs
  0000026c    0000026c    00001868   00001868    r-x .text
  00001ad4    00001ad4    00000146   00000146    r-- .const
  00001c20    00001c20    00000090   00000090    r-- .cinit
20000000    20000000    000005c0   00000000    rw-
  20000000    20000000    00000200   00000000    rw- .stack
  20000200    20000200    000001e8   00000000    rw- .data
  200003e8    200003e8    000001c8   00000000    rw- .bss
  200005b0    200005b0    00000010   00000000    rw- .sysmem


SECTION ALLOCATION MAP

 output                                  attributes/
section   page    origin      length       input sections
--------  ----  ----------  ----------   ----------------
.intvecs   0    00000000    0000026c     
                  00000000    0000026c     tm4c123gh6pm_startup_ccs.obj (.intvecs)

.text      0    0000026c    00001868     
                  0000026c    0000069c     main.obj (.text)
                  00000908    00000344     NVIC.obj (.text)
                  00000c4c    00000114     rtsv7M4_T_le_v4SPD16_eabi.lib : fputs.c.obj (.text:fputs)
                  00000d60    00000100                                   : memory.c.obj (.text:aligned_alloc)
                  00000e60    000000e4                                   : memory.c.obj (.text:free)
                  00000f44    000000dc                                   : setvbuf.c.obj (.text:setvbuf)
                  00001020    000000d0     SysTick.obj (.text)
                  000010f0    0000009c     rtsv7M4_T_le_v4SPD16_eabi.lib : memcpy_t2.asm.obj (.text)
                  0000118c    0000007c                                   : fflush.c.obj (.text:fflush)
                  00001208    00000074                                   : fclose.c.obj (.text:__TI_closefile)
                  0000127c    00000070                                   : memory.c.obj (.text:split)
                  000012ec    0000006c                                   : hostrename.c.obj (.text:HOSTrename)
                  00001358    00000068                                   : hostlseek.c.obj (.text:HOSTlseek)
                  000013c0    00000068                                   : copy_decompress_lzss.c.obj (.text:decompress:lzss:__TI_decompress_lzss)
                  00001428    00000064                                   : fseek.c.obj (.text:fseek)
                  0000148c    00000062                                   : _io_perm.c.obj (.text:__TI_wrt_ok)
                  000014ee    00000002                                   : _lock.c.obj (.text:_nop)
                  000014f0    00000060                                   : hostopen.c.obj (.text:HOSTopen)
                  00001550    0000005c                                   : close.c.obj (.text:close)
                  000015ac    00000058                                   : hostread.c.obj (.text:HOSTread)
                  00001604    00000058                                   : hostwrite.c.obj (.text:HOSTwrite)
                  0000165c    0000004c                                   : fflush.c.obj (.text:__TI_doflush)
                  000016a8    00000048                                   : exit.c.obj (.text:exit)
                  000016f0    00000044                                   : hostclose.c.obj (.text:HOSTclose)
                  00001734    00000044                                   : hostunlink.c.obj (.text:HOSTunlink)
                  00001778    00000044                                   : autoinit.c.obj (.text:__TI_auto_init_nobinit_nopinit:__TI_auto_init_nobinit_nopinit)
                  000017bc    00000044                                   : getdevice.c.obj (.text:getdevice)
                  00001800    00000038                                   : trgmsg.c.obj (.text:__TI_writemsg)
                  00001838    00000036                                   : strncpy.c.obj (.text:strncpy)
                  0000186e    00000002     --HOLE-- [fill = 0]
                  00001870    00000034                                   : fopen.c.obj (.text:__TI_cleanup)
                  000018a4    00000034                                   : trgmsg.c.obj (.text:__TI_readmsg)
                  000018d8    00000034                                   : boot_cortex_m.c.obj (.text:_c_int00_noargs:_c_int00_noargs)
                  0000190c    00000030                                   : getdevice.c.obj (.text:finddevice)
                  0000193c    0000002c                                   : unlink.c.obj (.text:unlink)
                  00001968    00000028                                   : memory.c.obj (.text:free_list_insert)
                  00001990    00000028                                   : lseek.c.obj (.text:lseek)
                  000019b8    00000028                                   : write.c.obj (.text:write)
                  000019e0    00000020                                   : memchr.c.obj (.text:memchr)
                  00001a00    0000001c                                   : assert.c.obj (.text:_abort_msg)
                  00001a1c    0000001c                                   : copy_zero_init.c.obj (.text:decompress:ZI:__TI_zero_init_nomemset:__TI_zero_init_nomemset)
                  00001a38    0000001c                                   : memory.c.obj (.text:free_list_remove)
                  00001a54    00000018                                   : strcmp.c.obj (.text:strcmp)
                  00001a6c    00000016                                   : strchr.c.obj (.text:strchr)
                  00001a82    00000014                                   : strcpy.c.obj (.text:strcpy)
                  00001a96    00000014                                   : strlen.c.obj (.text:strlen)
                  00001aaa    0000000e                                   : copy_decompress_none.c.obj (.text:decompress:none:__TI_decompress_none)
                  00001ab8    0000000c     tm4c123gh6pm_startup_ccs.obj (.text)
                  00001ac4    00000008     rtsv7M4_T_le_v4SPD16_eabi.lib : memory.c.obj (.text:malloc)
                  00001acc    00000004                                   : pre_init.c.obj (.text:_system_pre_init)
                  00001ad0    00000004                                   : exit.c.obj (.text:abort:abort)

.const     0    00001ad4    00000146     
                  00001ad4    00000146     main.obj (.const:.string)

.cinit     0    00001c20    00000090     
                  00001c20    00000069     (.cinit..data.load) [load image, compression = lzss]
                  00001c89    00000003     --HOLE-- [fill = 0]
                  00001c8c    0000000c     (__TI_handler_table)
                  00001c98    00000008     (.cinit..bss.load) [load image, compression = zero_init]
                  00001ca0    00000010     (__TI_cinit_table)

.init_array 
*          0    00000000    00000000     UNINITIALIZED

.stack     0    20000000    00000200     UNINITIALIZED
                  20000000    00000004     rtsv7M4_T_le_v4SPD16_eabi.lib : boot_cortex_m.c.obj (.stack)
                  20000004    000001fc     --HOLE--

.data      0    20000200    000001e8     UNINITIALIZED
                  20000200    000000f0     rtsv7M4_T_le_v4SPD16_eabi.lib : defs.c.obj (.data:_ftable)
                  200002f0    00000078                                   : host_device.c.obj (.data:_device)
                  20000368    00000050                                   : host_device.c.obj (.data:_stream)
                  200003b8    00000010                                   : defs.c.obj (.data)
                  200003c8    0000000c                                   : exit.c.obj (.data:$O1$$)
                  200003d4    00000008                                   : _lock.c.obj (.data:$O1$$)
                  200003dc    00000008                                   : memory.c.obj (.data:$O1$$)
                  200003e4    00000004     SysTick.obj (.data)

.bss       0    200003e8    000001c8     UNINITIALIZED
                  200003e8    00000120     rtsv7M4_T_le_v4SPD16_eabi.lib : trgmsg.c.obj (.bss:_CIOBUF_)
                  20000508    000000a0     (.common:__TI_tmpnams)
                  200005a8    00000008     (.common:parmbuf)

.sysmem    0    200005b0    00000010     UNINITIALIZED
                  200005b0    00000010     rtsv7M4_T_le_v4SPD16_eabi.lib : memory.c.obj (.sysmem)

__llvm_prf_cnts 
*          0    20000000    00000000     UNINITIALIZED

MODULE SUMMARY

       Module                         code   ro data   rw data
       ------                         ----   -------   -------
    .\
       main.obj                       1692   326       0      
       NVIC.obj                       836    0         0      
       tm4c123gh6pm_startup_ccs.obj   12     620       0      
       SysTick.obj                    208    0         4      
    +--+------------------------------+------+---------+---------+
       Total:                         2748   946       4      
                                                              
    F:\embedded system\ccs\tools\compiler\ti-cgt-arm_20.2.7.LTS\lib\rtsv7M4_T_le_v4SPD16_eabi.lib
       memory.c.obj                   672    0         8      
       defs.c.obj                     0      0         416    
       trgmsg.c.obj                   108    0         288    
       fputs.c.obj                    276    0         0      
       setvbuf.c.obj                  220    0         0      
       fflush.c.obj                   200    0         0      
       host_device.c.obj              0      0         200    
       memcpy_t2.asm.obj              156    0         0      
       fclose.c.obj                   116    0         0      
       getdevice.c.obj                116    0         0      
       hostrename.c.obj               108    0         0      
       copy_decompress_lzss.c.obj     104    0         0      
       hostlseek.c.obj                104    0         0      
       hostopen.c.obj                 96     0         8      
       fseek.c.obj                    100    0         0      
       _io_perm.c.obj                 98     0         0      
       close.c.obj                    92     0         0      
       exit.c.obj                     76     0         12     
       hostread.c.obj                 88     0         0      
       hostwrite.c.obj                88     0         0      
       autoinit.c.obj                 68     0         0      
       hostclose.c.obj                68     0         0      
       hostunlink.c.obj               68     0         0      
       strncpy.c.obj                  54     0         0      
       boot_cortex_m.c.obj            52     0         0      
       fopen.c.obj                    52     0         0      
       unlink.c.obj                   44     0         0      
       lseek.c.obj                    40     0         0      
       write.c.obj                    40     0         0      
       memchr.c.obj                   32     0         0      
       assert.c.obj                   28     0         0      
       copy_zero_init.c.obj           28     0         0      
       strcmp.c.obj                   24     0         0      
       strchr.c.obj                   22     0         0      
       strcpy.c.obj                   20     0         0      
       strlen.c.obj                   20     0         0      
       copy_decompress_none.c.obj     14     0         0      
       _lock.c.obj                    2      0         8      
       pre_init.c.obj                 4      0         0      
    +--+------------------------------+------+---------+---------+
       Total:                         3498   0         940    
                                                              
       Heap:                          0      0         16     
       Stack:                         0      0         512    
       Linker Generated:              0      141       0      
    +--+------------------------------+------+---------+---------+
       Grand Total:                   6246   1087      1472   


LINKER GENERATED COPY TABLES

__TI_cinit_table @ 00001ca0 records: 2, size/record: 8, table size: 16
	.data: load addr=00001c20, load size=00000069 bytes, run addr=20000200, run size=000001e8 bytes, compression=lzss
	.bss: load addr=00001c98, load size=00000008 bytes, run addr=200003e8, run size=000001c8 bytes, compression=zero_init


LINKER GENERATED HANDLER TABLE

__TI_handler_table @ 00001c8c records: 3, size/record: 4, table size: 12
	index: 0, handler: __TI_decompress_lzss
	index: 1, handler: __TI_decompress_none
	index: 2, handler: __TI_zero_init


GLOBAL SYMBOLS: SORTED ALPHABETICALLY BY Name 

address   name                           
-------   ----                           
00001ad1  C$$EXIT                        
0000182f  C$$IO$$                        
000016f1  HOSTclose                      
00001359  HOSTlseek                      
000014f1  HOSTopen                       
000015ad  HOSTread                       
000012ed  HOSTrename                     
00001735  HOSTunlink                     
00001605  HOSTwrite                      
0000026d  Leds_Init                      
00000adb  NVIC_DisableException          
00000995  NVIC_DisableIRQ                
00000a81  NVIC_EnableException           
00000909  NVIC_EnableIRQ                 
00000b35  NVIC_SetPriorityException      
00000a21  NVIC_SetPriorityIRQ            
00001ab9  ResetISR                       
000010c5  SysTick_DeInit                 
0000108d  SysTick_Handler                
00001021  SysTick_Init                   
0000109d  SysTick_SetCallBack            
000010b9  SysTick_Start                  
00001053  SysTick_StartBusyWait          
000010ad  SysTick_Stop                   
000002c5  Test_Exceptions_Settings       
200003e8  __CIOBUF_                      
20000200  __STACK_END                    
00000200  __STACK_SIZE                   
20000200  __STACK_TOP                    
00000010  __SYSMEM_SIZE                  
00001ca0  __TI_CINIT_Base                
00001cb0  __TI_CINIT_Limit               
00001c8c  __TI_Handler_Table_Base        
00001c98  __TI_Handler_Table_Limit       
00001779  __TI_auto_init_nobinit_nopinit 
00001871  __TI_cleanup                   
200003c8  __TI_cleanup_ptr               
00001209  __TI_closefile                 
000013c1  __TI_decompress_lzss           
00001aab  __TI_decompress_none           
0000165d  __TI_doflush                   
200003cc  __TI_dtors_ptr                 
200003d0  __TI_enable_exit_profile_output
200003b8  __TI_ft_end                    
ffffffff  __TI_pprof_out_hndl            
ffffffff  __TI_prof_data_size            
ffffffff  __TI_prof_data_start           
000018a5  __TI_readmsg                   
00000000  __TI_static_base__             
20000508  __TI_tmpnams                   
00001801  __TI_writemsg                  
0000148d  __TI_wrt_ok                    
00001a1d  __TI_zero_init_nomemset        
000010f1  __aeabi_memcpy                 
000010f1  __aeabi_memcpy4                
000010f1  __aeabi_memcpy8                
200003c4  __aeabi_stderr                 
200003bc  __aeabi_stdin                  
200003c0  __aeabi_stdout                 
ffffffff  __binit__                      
ffffffff  __c_args__                     
UNDEFED   __mpu_init                     
20000000  __stack                        
20000000  __start___llvm_prf_cnts        
20000000  __stop___llvm_prf_cnts         
00001a01  _abort_msg                     
000018d9  _c_int00_noargs                
200002f0  _device                        
20000200  _ftable                        
200003d4  _lock                          
000014ef  _nop                           
20000368  _stream                        
200005b0  _sys_memory                    
UNDEFED   _system_post_cinit             
00001acd  _system_pre_init               
200003d8  _unlock                        
00001ad1  abort                          
00000d61  aligned_alloc                  
ffffffff  binit                          
00001551  close                          
000016a9  exit                           
0000118d  fflush                         
0000190d  finddevice                     
00000c4d  fputs                          
00000e61  free                           
00001429  fseek                          
00000000  g_pfnVectors                   
000017bd  getdevice                      
00001991  lseek                          
00000891  main                           
00001ac5  malloc                         
00000d61  memalign                       
000019e1  memchr                         
000010f1  memcpy                         
200005a8  parmbuf                        
0000193d  remove                         
00000f45  setvbuf                        
00001a6d  strchr                         
00001a55  strcmp                         
00001a83  strcpy                         
00001a97  strlen                         
00001839  strncpy                        
0000193d  unlink                         
000019b9  write                          


GLOBAL SYMBOLS: SORTED BY Symbol Address 

address   name                           
-------   ----                           
00000000  __TI_static_base__             
00000000  g_pfnVectors                   
00000010  __SYSMEM_SIZE                  
00000200  __STACK_SIZE                   
0000026d  Leds_Init                      
000002c5  Test_Exceptions_Settings       
00000891  main                           
00000909  NVIC_EnableIRQ                 
00000995  NVIC_DisableIRQ                
00000a21  NVIC_SetPriorityIRQ            
00000a81  NVIC_EnableException           
00000adb  NVIC_DisableException          
00000b35  NVIC_SetPriorityException      
00000c4d  fputs                          
00000d61  aligned_alloc                  
00000d61  memalign                       
00000e61  free                           
00000f45  setvbuf                        
00001021  SysTick_Init                   
00001053  SysTick_StartBusyWait          
0000108d  SysTick_Handler                
0000109d  SysTick_SetCallBack            
000010ad  SysTick_Stop                   
000010b9  SysTick_Start                  
000010c5  SysTick_DeInit                 
000010f1  __aeabi_memcpy                 
000010f1  __aeabi_memcpy4                
000010f1  __aeabi_memcpy8                
000010f1  memcpy                         
0000118d  fflush                         
00001209  __TI_closefile                 
000012ed  HOSTrename                     
00001359  HOSTlseek                      
000013c1  __TI_decompress_lzss           
00001429  fseek                          
0000148d  __TI_wrt_ok                    
000014ef  _nop                           
000014f1  HOSTopen                       
00001551  close                          
000015ad  HOSTread                       
00001605  HOSTwrite                      
0000165d  __TI_doflush                   
000016a9  exit                           
000016f1  HOSTclose                      
00001735  HOSTunlink                     
00001779  __TI_auto_init_nobinit_nopinit 
000017bd  getdevice                      
00001801  __TI_writemsg                  
0000182f  C$$IO$$                        
00001839  strncpy                        
00001871  __TI_cleanup                   
000018a5  __TI_readmsg                   
000018d9  _c_int00_noargs                
0000190d  finddevice                     
0000193d  remove                         
0000193d  unlink                         
00001991  lseek                          
000019b9  write                          
000019e1  memchr                         
00001a01  _abort_msg                     
00001a1d  __TI_zero_init_nomemset        
00001a55  strcmp                         
00001a6d  strchr                         
00001a83  strcpy                         
00001a97  strlen                         
00001aab  __TI_decompress_none           
00001ab9  ResetISR                       
00001ac5  malloc                         
00001acd  _system_pre_init               
00001ad1  C$$EXIT                        
00001ad1  abort                          
00001c8c  __TI_Handler_Table_Base        
00001c98  __TI_Handler_Table_Limit       
00001ca0  __TI_CINIT_Base                
00001cb0  __TI_CINIT_Limit               
20000000  __stack                        
20000000  __start___llvm_prf_cnts        
20000000  __stop___llvm_prf_cnts         
20000200  __STACK_END                    
20000200  __STACK_TOP                    
20000200  _ftable                        
200002f0  _device                        
20000368  _stream                        
200003b8  __TI_ft_end                    
200003bc  __aeabi_stdin                  
200003c0  __aeabi_stdout                 
200003c4  __aeabi_stderr                 
200003c8  __TI_cleanup_ptr               
200003cc  __TI_dtors_ptr                 
200003d0  __TI_enable_exit_profile_output
200003d4  _lock                          
200003d8  _unlock                        
200003e8  __CIOBUF_                      
20000508  __TI_tmpnams                   
200005a8  parmbuf                        
200005b0  _sys_memory                    
ffffffff  __TI_pprof_out_hndl            
ffffffff  __TI_prof_data_size            
ffffffff  __TI_prof_data_start           
ffffffff  __binit__                      
ffffffff  __c_args__                     
ffffffff  binit                          
UNDEFED   __mpu_init                     
UNDEFED   _system_post_cinit             

[104 symbols]
