******************************************************************************
                  TI ARM Linker PC v20.2.7                     
******************************************************************************
>> Linked Thu Aug  8 19:01:19 2024

OUTPUT FILE NAME:   <Systick.out>
ENTRY POINT SYMBOL: "_c_int00_noargs"  address: 000009e5


MEMORY CONFIGURATION

         name            origin    length      used     unused   attr    fill
----------------------  --------  ---------  --------  --------  ----  --------
  FLASH                 00000000   00040000  00000a6a  0003f596  R  X
  SRAM                  20000000   00008000  00000205  00007dfb  RW X


SEGMENT ALLOCATION MAP

run origin  load origin   length   init length attrs members
----------  ----------- ---------- ----------- ----- -------
00000000    00000000    00000a70   00000a70    r-x
  00000000    00000000    0000026c   0000026c    r-- .intvecs
  0000026c    0000026c    000007e6   000007e6    r-x .text
  00000a58    00000a58    00000018   00000018    r-- .cinit
20000000    20000000    00000205   00000000    rw-
  20000000    20000000    00000200   00000000    rw- .stack
  20000200    20000200    00000005   00000000    rw- .data


SECTION ALLOCATION MAP

 output                                  attributes/
section   page    origin      length       input sections
--------  ----  ----------  ----------   ----------------
.intvecs   0    00000000    0000026c     
                  00000000    0000026c     tm4c123gh6pm_startup_ccs.obj (.intvecs)

.text      0    0000026c    000007e6     
                  0000026c    00000344     NVIC.obj (.text)
                  000005b0    0000021c     main.obj (.text)
                  000007cc    000000d0     SysTick.obj (.text)
                  0000089c    0000009c     rtsv7M4_T_le_v4SPD16_eabi.lib : memcpy_t2.asm.obj (.text)
                  00000938    00000068                                   : copy_decompress_lzss.c.obj (.text:decompress:lzss:__TI_decompress_lzss)
                  000009a0    00000044                                   : autoinit.c.obj (.text:__TI_auto_init_nobinit_nopinit:__TI_auto_init_nobinit_nopinit)
                  000009e4    00000034                                   : boot_cortex_m.c.obj (.text:_c_int00_noargs:_c_int00_noargs)
                  00000a18    00000018                                   : ll_mul_t2.asm.obj (.text)
                  00000a30    0000000e                                   : copy_decompress_none.c.obj (.text:decompress:none:__TI_decompress_none)
                  00000a3e    0000000c     tm4c123gh6pm_startup_ccs.obj (.text)
                  00000a4a    00000004     rtsv7M4_T_le_v4SPD16_eabi.lib : pre_init.c.obj (.text:_system_pre_init)
                  00000a4e    00000004                                   : exit.c.obj (.text:abort:abort)

.cinit     0    00000a58    00000018     
                  00000a58    00000008     (__TI_handler_table)
                  00000a60    00000007     (.cinit..data.load) [load image, compression = lzss]
                  00000a67    00000001     --HOLE-- [fill = 0]
                  00000a68    00000008     (__TI_cinit_table)

.init_array 
*          0    00000000    00000000     UNINITIALIZED

.data      0    20000200    00000005     UNINITIALIZED
                  20000200    00000004     SysTick.obj (.data)
                  20000204    00000001     main.obj (.data)

.stack     0    20000000    00000200     UNINITIALIZED
                  20000000    00000004     rtsv7M4_T_le_v4SPD16_eabi.lib : boot_cortex_m.c.obj (.stack)
                  20000004    000001fc     --HOLE--

__llvm_prf_cnts 
*          0    20000000    00000000     UNINITIALIZED

MODULE SUMMARY

       Module                         code   ro data   rw data
       ------                         ----   -------   -------
    .\
       NVIC.obj                       836    0         0      
       tm4c123gh6pm_startup_ccs.obj   12     620       0      
       main.obj                       540    0         1      
       SysTick.obj                    208    0         4      
    +--+------------------------------+------+---------+---------+
       Total:                         1596   620       5      
                                                              
    F:\embedded system\ccs\tools\compiler\ti-cgt-arm_20.2.7.LTS\lib\rtsv7M4_T_le_v4SPD16_eabi.lib
       memcpy_t2.asm.obj              156    0         0      
       copy_decompress_lzss.c.obj     104    0         0      
       autoinit.c.obj                 68     0         0      
       boot_cortex_m.c.obj            52     0         0      
       ll_mul_t2.asm.obj              24     0         0      
       copy_decompress_none.c.obj     14     0         0      
       exit.c.obj                     4      0         0      
       pre_init.c.obj                 4      0         0      
    +--+------------------------------+------+---------+---------+
       Total:                         426    0         0      
                                                              
       Stack:                         0      0         512    
       Linker Generated:              0      23        0      
    +--+------------------------------+------+---------+---------+
       Grand Total:                   2022   643       517    


LINKER GENERATED COPY TABLES

__TI_cinit_table @ 00000a68 records: 1, size/record: 8, table size: 8
	.data: load addr=00000a60, load size=00000007 bytes, run addr=20000200, run size=00000005 bytes, compression=lzss


LINKER GENERATED HANDLER TABLE

__TI_handler_table @ 00000a58 records: 2, size/record: 4, table size: 8
	index: 0, handler: __TI_decompress_lzss
	index: 1, handler: __TI_decompress_none


GLOBAL SYMBOLS: SORTED ALPHABETICALLY BY Name 

address   name                          
-------   ----                          
00000a4f  C$$EXIT                       
000005b1  Delay_MS                      
000005f1  GPIOPortF_Handler             
000006b1  Leds_Init                     
0000043f  NVIC_DisableException         
000002f9  NVIC_DisableIRQ               
000003e5  NVIC_EnableException          
0000026d  NVIC_EnableIRQ                
00000499  NVIC_SetPriorityException     
00000385  NVIC_SetPriorityIRQ           
00000a3f  ResetISR                      
00000621  SW2_Init                      
000006ef  SysTick_CallBackFunc          
00000871  SysTick_DeInit                
00000839  SysTick_Handler               
000007cd  SysTick_Init                  
00000849  SysTick_SetCallBack           
00000865  SysTick_Start                 
000007ff  SysTick_StartBusyWait         
00000859  SysTick_Stop                  
20000200  __STACK_END                   
00000200  __STACK_SIZE                  
20000200  __STACK_TOP                   
00000a68  __TI_CINIT_Base               
00000a70  __TI_CINIT_Limit              
00000a58  __TI_Handler_Table_Base       
00000a60  __TI_Handler_Table_Limit      
000009a1  __TI_auto_init_nobinit_nopinit
00000939  __TI_decompress_lzss          
00000a31  __TI_decompress_none          
ffffffff  __TI_pprof_out_hndl           
ffffffff  __TI_prof_data_size           
ffffffff  __TI_prof_data_start          
00000000  __TI_static_base__            
00000a19  __aeabi_lmul                  
0000089d  __aeabi_memcpy                
0000089d  __aeabi_memcpy4               
0000089d  __aeabi_memcpy8               
ffffffff  __binit__                     
ffffffff  __c_args__                    
UNDEFED   __mpu_init                    
20000000  __stack                       
20000000  __start___llvm_prf_cnts       
20000000  __stop___llvm_prf_cnts        
000009e5  _c_int00_noargs               
UNDEFED   _system_post_cinit            
00000a4b  _system_pre_init              
00000a4f  abort                         
ffffffff  binit                         
20000204  g_Counter                     
00000000  g_pfnVectors                  
00000749  main                          
0000089d  memcpy                        


GLOBAL SYMBOLS: SORTED BY Symbol Address 

address   name                          
-------   ----                          
00000000  __TI_static_base__            
00000000  g_pfnVectors                  
00000200  __STACK_SIZE                  
0000026d  NVIC_EnableIRQ                
000002f9  NVIC_DisableIRQ               
00000385  NVIC_SetPriorityIRQ           
000003e5  NVIC_EnableException          
0000043f  NVIC_DisableException         
00000499  NVIC_SetPriorityException     
000005b1  Delay_MS                      
000005f1  GPIOPortF_Handler             
00000621  SW2_Init                      
000006b1  Leds_Init                     
000006ef  SysTick_CallBackFunc          
00000749  main                          
000007cd  SysTick_Init                  
000007ff  SysTick_StartBusyWait         
00000839  SysTick_Handler               
00000849  SysTick_SetCallBack           
00000859  SysTick_Stop                  
00000865  SysTick_Start                 
00000871  SysTick_DeInit                
0000089d  __aeabi_memcpy                
0000089d  __aeabi_memcpy4               
0000089d  __aeabi_memcpy8               
0000089d  memcpy                        
00000939  __TI_decompress_lzss          
000009a1  __TI_auto_init_nobinit_nopinit
000009e5  _c_int00_noargs               
00000a19  __aeabi_lmul                  
00000a31  __TI_decompress_none          
00000a3f  ResetISR                      
00000a4b  _system_pre_init              
00000a4f  C$$EXIT                       
00000a4f  abort                         
00000a58  __TI_Handler_Table_Base       
00000a60  __TI_Handler_Table_Limit      
00000a68  __TI_CINIT_Base               
00000a70  __TI_CINIT_Limit              
20000000  __stack                       
20000000  __start___llvm_prf_cnts       
20000000  __stop___llvm_prf_cnts        
20000200  __STACK_END                   
20000200  __STACK_TOP                   
20000204  g_Counter                     
ffffffff  __TI_pprof_out_hndl           
ffffffff  __TI_prof_data_size           
ffffffff  __TI_prof_data_start          
ffffffff  __binit__                     
ffffffff  __c_args__                    
ffffffff  binit                         
UNDEFED   __mpu_init                    
UNDEFED   _system_post_cinit            

[53 symbols]
